// Jest Snapshot v1, https://goo.gl/fbAQLP

exports[`GovernmentServicesCustomFields should render correctly regardless of properties 1`] = `
<div>
  <h1>
     
    governmentMockCustomFields Mock data
     
  </h1>
  <p>
    Contact Person
     
    Alex
  </p>
  <p>
    Phone number with ability to add extension if applicable
     
    778-555-5555
  </p>
</div>
`;
