// Jest Snapshot v1, https://goo.gl/fbAQLP

exports[`GovernmentServicesCustomFields should render correctly regardless of properties 1`] = `
<div>
  <h1>
     
    Facilitation Mock data
     
  </h1>
  <p>
    Rates and fees ($CAD)
     
    666
  </p>
  <p>
    Pictures (max of 6)
  </p>
  <img
    alt=""
    src="HTC_Logo.jpg"
  />
</div>
`;
