// Jest Snapshot v1, https://goo.gl/fbAQLP

exports[`MemberSearchContainer Container test should match snapshot test 1`] = `
<div>
  <div />
  <div />
</div>
`;
