// Jest Snapshot v1, https://goo.gl/fbAQLP

exports[`SearchListingFiltersContainer Container test should match snapshot test 1`] = `<div />`;
