// Jest Snapshot v1, https://goo.gl/fbAQLP

exports[`BurgerMenu Snapshot test should render correctly regardless of properties 1`] = `
<div>
  <div
    className="bm-overlay"
    onClick={[Function]}
    style={
      Object {
        "MozTransform": "translate3d(100%, 0, 0)",
        "MsTransform": "translate3d(100%, 0, 0)",
        "OTransform": "translate3d(100%, 0, 0)",
        "WebkitTransform": "translate3d(100%, 0, 0)",
        "background": "transparent",
        "height": "100%",
        "opacity": 0,
        "position": "fixed",
        "transform": "translate3d(100%, 0, 0)",
        "transition": "opacity 0.3s, transform 0s 0.3s",
        "width": "100%",
        "zIndex": 1000,
      }
    }
  />
  <div
    aria-hidden={true}
    className="bm-menu-wrap"
    id=""
    style={
      Object {
        "MozTransform": "translate3d(-100%, 0, 0)",
        "MsTransform": "translate3d(-100%, 0, 0)",
        "OTransform": "translate3d(-100%, 0, 0)",
        "WebkitTransform": "translate3d(-100%, 0, 0)",
        "height": "100%",
        "position": "fixed",
        "right": "inherit",
        "transform": "translate3d(-100%, 0, 0)",
        "transition": "all 0.5s",
        "width": "30%",
        "zIndex": 1100,
      }
    }
  >
    <div
      className="bm-menu rounded-xl"
      style={
        Object {
          "boxSizing": "border-box",
          "height": "100%",
          "overflow": "auto",
        }
      }
    >
      <div
        className="bm-item-list bg-gray-700 overflow-auto"
        style={
          Object {
            "height": "100%",
          }
        }
      >
        <h1
          className="bm-item"
          style={
            Object {
              "display": "block",
            }
          }
          tabIndex={-1}
        >
          Hello World
        </h1>
      </div>
    </div>
  </div>
</div>
`;
