// Jest Snapshot v1, https://goo.gl/fbAQLP

exports[`PendingListingCards Container test should match snapshot test regardless of the props (approved listing) 1`] = `
<div>
  <h3
    className="account-summary-info-header"
  >
     
    Pending Listings
     
  </h3>
  <p
    className="account-summary-info-text"
  >
     
    Use the icons to the right of each listing to approve or reject them
     
  </p>
  <div
    className="ml-10 my-3"
  >
    <div>
      <div
        className="flex"
      >
        <section
          className="w-full"
        >
          <section
            className="card-container mt-0"
          >
            <img
              className="float-left w-24 h-24 mx-4 "
              src="HTC_Logo.jpg"
            />
            <div
              className="inline align-middle "
            >
              <label
                className="font-semibold justify-between"
              >
                 
                Forest Green Co-Living
                 
              </label>
              <section
                className="inline float-right pr-6 justify-end"
              >
                <time
                  dateTime={"2021-03-21T22:16:06.000Z"}
                >
                  Mar 21, 2021
                </time>
              </section>
            </div>
            <div
              className="mx-6 inline items-center justify-between leading-tight font-light"
            >
              <section
                className="mb-3"
              >
                 
                Bob's Bricks
                 
              </section>
              <section>
                 
                Easy, family friendly, & communal living
                 
              </section>
            </div>
          </section>
        </section>
        <section
          className="my-8"
        >
          <button
            className="focus:outline-none"
            onClick={[Function]}
            type="button"
          >
            <svg
              className="text-green-600 hover:text-green-700 hover:cursor-pointer align-top"
              fill="currentColor"
              height="40"
              id="approve"
              stroke="currentColor"
              strokeWidth="0"
              style={
                Object {
                  "color": undefined,
                }
              }
              viewBox="0 0 1024 1024"
              width="40"
              xmlns="http://www.w3.org/2000/svg"
            >
              <path
                d="M512 64C264.6 64 64 264.6 64 512s200.6 448 448 448 448-200.6 448-448S759.4 64 512 64zm193.5 301.7l-210.6 292a31.8 31.8 0 0 1-51.7 0L318.5 484.9c-3.8-5.3 0-12.7 6.5-12.7h46.9c10.2 0 19.9 4.9 25.9 13.3l71.2 98.8 157.2-218c6-8.3 15.6-13.3 25.9-13.3H699c6.5 0 10.3 7.4 6.5 12.7z"
              />
            </svg>
          </button>
          <button
            className="focus:outline-none"
            onClick={[Function]}
            type="button"
          >
            <svg
              className="text-red-600 hover:text-red-700 hover:cursor-pointer align-bottom"
              fill="currentColor"
              height="40"
              stroke="currentColor"
              strokeWidth="0"
              style={
                Object {
                  "color": undefined,
                }
              }
              viewBox="0 0 1024 1024"
              width="40"
              xmlns="http://www.w3.org/2000/svg"
            >
              <path
                d="M512 64C264.6 64 64 264.6 64 512s200.6 448 448 448 448-200.6 448-448S759.4 64 512 64zm165.4 618.2l-66-.3L512 563.4l-99.3 118.4-66.1.3c-4.4 0-8-3.5-8-8 0-1.9.7-3.7 1.9-5.2l130.1-155L340.5 359a8.32 8.32 0 0 1-1.9-5.2c0-4.4 3.6-8 8-8l66.1.3L512 464.6l99.3-118.4 66-.3c4.4 0 8 3.5 8 8 0 1.9-.7 3.7-1.9 5.2L553.5 514l130 155c1.2 1.5 1.9 3.3 1.9 5.2 0 4.4-3.6 8-8 8z"
              />
            </svg>
          </button>
        </section>
      </div>
      <ul
        className="flex m-auto w-2/3"
      >
        <li
          className="next-prev-text disabled"
        >
          <a
            aria-disabled="true"
            aria-label="Previous page"
            className="next-prev-link"
            onClick={[Function]}
            onKeyPress={[Function]}
            rel="prev"
            role="button"
            tabIndex="0"
          >
            Previous
          </a>
        </li>
        <li
          className="selected"
        >
          <a
            aria-current="page"
            aria-label="Page 1 is your current page"
            className="page-numbers current-page"
            onClick={[Function]}
            onKeyPress={[Function]}
            role="button"
            tabIndex="0"
          >
            1
          </a>
        </li>
        <li
          className="next-prev-text disabled"
        >
          <a
            aria-disabled="true"
            aria-label="Next page"
            className="next-prev-link"
            onClick={[Function]}
            onKeyPress={[Function]}
            rel="next"
            role="button"
            tabIndex="0"
          >
            Next
          </a>
        </li>
      </ul>
    </div>
  </div>
</div>
`;

exports[`PendingListingCards Container test should match snapshot test regardless of the props (rejected listing) 1`] = `
<div>
  <h3
    className="account-summary-info-header"
  >
     
    Pending Listings
     
  </h3>
  <p
    className="account-summary-info-text"
  >
     
    Use the icons to the right of each listing to approve or reject them
     
  </p>
  <div
    className="ml-10 my-3"
  >
    <div>
      <div
        className="flex"
      >
        <section
          className="w-full"
        >
          <section
            className="card-container mt-0"
          >
            <img
              className="float-left w-24 h-24 mx-4 "
              src="HTC_Logo.jpg"
            />
            <div
              className="inline align-middle "
            >
              <label
                className="font-semibold justify-between"
              >
                 
                Forest Green Co-Living
                 
              </label>
              <section
                className="inline float-right pr-6 justify-end"
              >
                <time
                  dateTime={"2021-03-21T22:16:06.000Z"}
                >
                  Mar 21, 2021
                </time>
              </section>
            </div>
            <div
              className="mx-6 inline items-center justify-between leading-tight font-light"
            >
              <section
                className="mb-3"
              >
                 
                Bob's Bricks
                 
              </section>
              <section>
                 
                Easy, family friendly, & communal living
                 
              </section>
            </div>
          </section>
        </section>
        <section
          className="my-8"
        >
          <button
            className="focus:outline-none"
            onClick={[Function]}
            type="button"
          >
            <svg
              className="text-green-600 hover:text-green-700 hover:cursor-pointer align-top"
              fill="currentColor"
              height="40"
              id="approve"
              stroke="currentColor"
              strokeWidth="0"
              style={
                Object {
                  "color": undefined,
                }
              }
              viewBox="0 0 1024 1024"
              width="40"
              xmlns="http://www.w3.org/2000/svg"
            >
              <path
                d="M512 64C264.6 64 64 264.6 64 512s200.6 448 448 448 448-200.6 448-448S759.4 64 512 64zm193.5 301.7l-210.6 292a31.8 31.8 0 0 1-51.7 0L318.5 484.9c-3.8-5.3 0-12.7 6.5-12.7h46.9c10.2 0 19.9 4.9 25.9 13.3l71.2 98.8 157.2-218c6-8.3 15.6-13.3 25.9-13.3H699c6.5 0 10.3 7.4 6.5 12.7z"
              />
            </svg>
          </button>
          <button
            className="focus:outline-none"
            onClick={[Function]}
            type="button"
          >
            <svg
              className="text-red-600 hover:text-red-700 hover:cursor-pointer align-bottom"
              fill="currentColor"
              height="40"
              stroke="currentColor"
              strokeWidth="0"
              style={
                Object {
                  "color": undefined,
                }
              }
              viewBox="0 0 1024 1024"
              width="40"
              xmlns="http://www.w3.org/2000/svg"
            >
              <path
                d="M512 64C264.6 64 64 264.6 64 512s200.6 448 448 448 448-200.6 448-448S759.4 64 512 64zm165.4 618.2l-66-.3L512 563.4l-99.3 118.4-66.1.3c-4.4 0-8-3.5-8-8 0-1.9.7-3.7 1.9-5.2l130.1-155L340.5 359a8.32 8.32 0 0 1-1.9-5.2c0-4.4 3.6-8 8-8l66.1.3L512 464.6l99.3-118.4 66-.3c4.4 0 8 3.5 8 8 0 1.9-.7 3.7-1.9 5.2L553.5 514l130 155c1.2 1.5 1.9 3.3 1.9 5.2 0 4.4-3.6 8-8 8z"
              />
            </svg>
          </button>
        </section>
      </div>
      <ul
        className="flex m-auto w-2/3"
      >
        <li
          className="next-prev-text disabled"
        >
          <a
            aria-disabled="true"
            aria-label="Previous page"
            className="next-prev-link"
            onClick={[Function]}
            onKeyPress={[Function]}
            rel="prev"
            role="button"
            tabIndex="0"
          >
            Previous
          </a>
        </li>
        <li
          className="selected"
        >
          <a
            aria-current="page"
            aria-label="Page 1 is your current page"
            className="page-numbers current-page"
            onClick={[Function]}
            onKeyPress={[Function]}
            role="button"
            tabIndex="0"
          >
            1
          </a>
        </li>
        <li
          className="next-prev-text disabled"
        >
          <a
            aria-disabled="true"
            aria-label="Next page"
            className="next-prev-link"
            onClick={[Function]}
            onKeyPress={[Function]}
            rel="next"
            role="button"
            tabIndex="0"
          >
            Next
          </a>
        </li>
      </ul>
    </div>
  </div>
</div>
`;
