// Jest Snapshot v1, https://goo.gl/fbAQLP

exports[`HouseServicesCustomFields should render correctly regardless of properties 1`] = `
<div>
  <label
    className="label-result"
  >
    Rates and fees (CAD)
  </label>
  <p>
     
    666 per day
  </p>
</div>
`;
