// Jest Snapshot v1, https://goo.gl/fbAQLP

exports[`SearchCriteriaContainer should render correctly regardless of properties 1`] = `<div />`;
