// Jest Snapshot v1, https://goo.gl/fbAQLP

exports[`ConversationCard Snapshot test should match snapshot test 1`] = `
<div>
  <section
    className="card-container mt-0"
    onClick={[MockFunction]}
  >
    <div
      className="inline ml-6 align-middle "
    >
      <label
        className="font-semibold justify-between"
      >
         
        otherUser18
      </label>
      <section
        className="inline float-right pr-6 justify-end"
      >
        <n
          ago={false}
          calendar={false}
          decimal={false}
          element={null}
          filter={[Function]}
          format="MMM D, YYYY"
          fromNow={false}
          interval={60000}
          local={false}
          onChange={[Function]}
          titleFormat=""
          toNow={false}
          trim={false}
          unit={null}
          unix={false}
          utc={false}
          withTitle={false}
        >
          2021-01-14T01:42:39.005Z
        </n>
      </section>
    </div>
    <div
      className="ml-6 mt-4 flex"
    >
      <label
        className="w-full font-light"
      >
         
        message content 18 other hour
         
      </label>
    </div>
  </section>
</div>
`;
