// Jest Snapshot v1, https://goo.gl/fbAQLP

exports[`MessagingContainer Snapshot test should match snapshot test if listing is NOT empty for userName 1`] = `
<div
  className="m-6"
>
  <SelectConversation
    messageData={
      Array [
        Object {
          "dateSent": "2021-01-12T02:42:39.005Z",
          "id": 1,
          "messageContent": "message content 1 all on different days and times",
          "receiverId": "otherUser1",
          "senderId": "messageMember1",
        },
        Object {
          "dateSent": "2021-01-01T02:42:39.005Z",
          "id": 2,
          "messageContent": "message content 2",
          "receiverId": "otherUser2",
          "senderId": "messageMember1",
        },
        Object {
          "dateSent": "2021-02-14T08:42:39.005Z",
          "id": 3,
          "messageContent": "message content 3",
          "receiverId": "otherUser3",
          "senderId": "messageMember1",
        },
        Object {
          "dateSent": "2021-01-12T02:42:39.005Z",
          "id": 4,
          "messageContent": "message content 4",
          "receiverId": "otherUser4",
          "senderId": "messageMember1",
        },
        Object {
          "dateSent": "2020-03-13T02:42:39.075Z",
          "id": 5,
          "messageContent": "message content 5",
          "receiverId": "otherUser5",
          "senderId": "messageMember1",
        },
        Object {
          "dateSent": "2021-02-17T02:43:39.005Z",
          "id": 6,
          "messageContent": "message content 6",
          "receiverId": "otherUser6",
          "senderId": "messageMember1",
        },
        Object {
          "dateSent": "2021-01-19T09:42:39.005Z",
          "id": 7,
          "messageContent": "message content 7",
          "receiverId": "otherUser7",
          "senderId": "messageMember1",
        },
        Object {
          "dateSent": "2021-01-11T02:42:39.005Z",
          "id": 8,
          "messageContent": "message content 8",
          "receiverId": "otherUser8",
          "senderId": "messageMember1",
        },
        Object {
          "dateSent": "2021-01-10T02:42:39.005Z",
          "id": 9,
          "messageContent": "message content 9 has timestamp before a smaller message id",
          "receiverId": "otherUser9",
          "senderId": "messageMember1",
        },
        Object {
          "dateSent": "2021-02-10T02:42:39.005Z",
          "id": 10,
          "messageContent": "message content 10",
          "receiverId": "otherUser10",
          "senderId": "messageMember1",
        },
        Object {
          "dateSent": "2021-01-14T02:42:39.005Z",
          "id": 11,
          "messageContent": "message content 11 all on different hours",
          "receiverId": "messageMember1",
          "senderId": "otherUser11",
        },
        Object {
          "dateSent": "2021-01-14T02:42:39.005Z",
          "id": 12,
          "messageContent": "message content 12",
          "receiverId": "messageMember",
          "senderId": "otherUser12",
        },
        Object {
          "dateSent": "2021-01-14T02:42:39.005Z",
          "id": 13,
          "messageContent": "message content 13",
          "receiverId": "messageMember1",
          "senderId": "otherUser13",
        },
        Object {
          "dateSent": "2021-01-14T02:42:39.777Z",
          "id": 14,
          "messageContent": "message content 14 other millisecond",
          "receiverId": "messageMember1",
          "senderId": "otherUser14",
        },
        Object {
          "dateSent": "2020-01-14T02:42:39.005Z",
          "id": 15,
          "messageContent": "message content 15 other year",
          "receiverId": "messageMember1",
          "senderId": "otherUser15",
        },
        Object {
          "dateSent": "2021-02-14T02:42:39.005Z",
          "id": 16,
          "messageContent": "message content 16 other month",
          "receiverId": "messageMember1",
          "senderId": "otherUser16",
        },
        Object {
          "dateSent": "2021-01-17T02:42:39.005Z",
          "id": 17,
          "messageContent": "message content 17 other day",
          "receiverId": "messageMember1",
          "senderId": "otherUser17",
        },
        Object {
          "dateSent": "2021-01-14T01:42:39.005Z",
          "id": 18,
          "messageContent": "message content 18 other hour",
          "receiverId": "messageMember1",
          "senderId": "otherUser18",
        },
        Object {
          "dateSent": "2021-01-14T02:47:39.005Z",
          "id": 19,
          "messageContent": "message content 19 other minute",
          "receiverId": "messageMember1",
          "senderId": "otherUser19",
        },
        Object {
          "dateSent": "2021-01-14T02:42:55.005Z",
          "id": 20,
          "messageContent": "message content 20 other second",
          "receiverId": "messageMember1",
          "senderId": "otherUser20",
        },
        Object {
          "dateSent": "2021-01-15T03:42:39.005Z",
          "id": 21,
          "messageContent": "message content 21",
          "receiverId": "otherUser1",
          "senderId": "messageMember1",
        },
        Object {
          "dateSent": "2021-01-16T04:42:39.005Z",
          "id": 22,
          "messageContent": "message content 22",
          "receiverId": "otherUser1",
          "senderId": "messageMember1",
        },
        Object {
          "dateSent": "2021-01-17T05:42:39.005Z",
          "id": 23,
          "messageContent": "message content 23",
          "receiverId": "messageMember1",
          "senderId": "otherUser1",
        },
        Object {
          "dateSent": "2021-01-18T06:42:39.005Z",
          "id": 24,
          "messageContent": "message content 24",
          "receiverId": "otherUser1",
          "senderId": "messageMember1",
        },
        Object {
          "dateSent": "2021-01-19T07:42:39.005Z",
          "id": 25,
          "messageContent": "message content 25",
          "receiverId": "messageMember1",
          "senderId": "otherUser1",
        },
        Object {
          "dateSent": "2021-01-20T08:42:39.005Z",
          "id": 26,
          "messageContent": "message content 26",
          "receiverId": "otherUser1",
          "senderId": "messageMember1",
        },
        Object {
          "dateSent": "2021-01-21T09:42:39.005Z",
          "id": 27,
          "messageContent": "message content 27",
          "receiverId": "otherUser1",
          "senderId": "messageMember1",
        },
        Object {
          "dateSent": "2021-01-22T10:42:39.005Z",
          "id": 28,
          "messageContent": "message content 28",
          "receiverId": "otherUser1",
          "senderId": "messageMember1",
        },
        Object {
          "dateSent": "2021-01-23T11:42:39.005Z",
          "id": 29,
          "messageContent": "message content 29",
          "receiverId": "otherUser1",
          "senderId": "messageMember1",
        },
        Object {
          "dateSent": "2021-01-24T12:42:39.005Z",
          "id": 30,
          "messageContent": "message content 30",
          "receiverId": "otherUser1",
          "senderId": "messageMember1",
        },
        Object {
          "dateSent": "2021-01-25T13:42:39.005Z",
          "id": 31,
          "messageContent": "message content 31",
          "receiverId": "otherUser1",
          "senderId": "messageMember1",
        },
        Object {
          "dateSent": "2021-01-26T14:42:39.005Z",
          "id": 32,
          "messageContent": "message content 32",
          "receiverId": "messageMember1",
          "senderId": "otherUser1",
        },
        Object {
          "dateSent": "2021-01-27T15:42:39.005Z",
          "id": 33,
          "messageContent": "message content 33",
          "receiverId": "otherUser1",
          "senderId": "messageMember1",
        },
        Object {
          "dateSent": "2021-01-28T16:42:39.005Z",
          "id": 34,
          "messageContent": "message content 34",
          "receiverId": "otherUser1",
          "senderId": "messageMember1",
        },
        Object {
          "dateSent": "2021-01-29T17:42:39.005Z",
          "id": 35,
          "messageContent": "message content 35",
          "receiverId": "otherUser1",
          "senderId": "messageMember1",
        },
        Object {
          "dateSent": "2021-01-30T18:42:39.005Z",
          "id": 36,
          "messageContent": "message content 36 all on different days and times",
          "receiverId": "otherUser1",
          "senderId": "messageMember1",
        },
        Object {
          "dateSent": "2021-01-02T02:42:39.005Z",
          "id": 37,
          "messageContent": "message content with lots and lots and lots and lots and lots and lots and lots and lots and lots and lots and lots and lots and lots and lots and lots and lots and lots and lots and lots and lots and lots and lots and lots and lots and lots and lots of padding 37",
          "receiverId": "otherUser2",
          "senderId": "messageMember1",
        },
        Object {
          "dateSent": "2021-01-03T02:42:39.005Z",
          "id": 38,
          "messageContent": "message content with lots and lots and lots and lots and lots and lots and lots and lots and lots and lots and lots and lots and lots and lots and lots and lots and lots and lots and lots and lots and lots and lots and lots and lots and lots and lots of padding 38",
          "receiverId": "messageMember1",
          "senderId": "otherUser2",
        },
        Object {
          "dateSent": "2021-01-04T02:42:39.005Z",
          "id": 39,
          "messageContent": "message content with lots and lots and lots and lots and lots and lots and lots and lots and lots and lots and lots and lots and lots and lots and lots and lots and lots and lots and lots and lots and lots and lots and lots and lots and lots and lots of padding 39",
          "receiverId": "otherUser2",
          "senderId": "messageMember1",
        },
        Object {
          "dateSent": "2021-01-05T02:42:39.005Z",
          "id": 40,
          "messageContent": "message content with lots and lots and lots and lots and lots and lots and lots and lots and lots and lots and lots and lots and lots and lots and lots and lots and lots and lots and lots and lots and lots and lots and lots and lots and lots and lots of padding 40",
          "receiverId": "messageMember1",
          "senderId": "otherUser2",
        },
        Object {
          "dateSent": "2021-01-06T02:42:39.005Z",
          "id": 41,
          "messageContent": "message content with lots and lots and lots and lots and lots and lots and lots and lots and lots and lots and lots and lots and lots and lots and lots and lots and lots and lots and lots and lots and lots and lots and lots and lots and lots and lots of padding 41",
          "receiverId": "otherUser2",
          "senderId": "messageMember1",
        },
        Object {
          "dateSent": "2021-01-07T07:42:39.005Z",
          "id": 42,
          "messageContent": "message content with lots and lots and lots and lots and lots and lots and lots and lots and lots and lots and lots and lots and lots and lots and lots and lots and lots and lots and lots and lots and lots and lots and lots and lots and lots and lots of padding 42",
          "receiverId": "messageMember1",
          "senderId": "otherUser2",
        },
        Object {
          "dateSent": "2021-01-12T02:42:39.005Z",
          "id": 43,
          "messageContent": "message content 43 has same timestamp as message 1 and 44",
          "receiverId": "otherUser4",
          "senderId": "messageMember1",
        },
        Object {
          "dateSent": "2021-01-12T02:42:39.005Z",
          "id": 44,
          "messageContent": "message content 44 has same timestamp as message 1 and 43",
          "receiverId": "messageMember1",
          "senderId": "otherUser4",
        },
        Object {
          "dateSent": "2021-01-14T02:42:39.005Z",
          "id": 45,
          "messageContent": "message content 45 has same timestamp as message 2 and 46",
          "receiverId": "otherUser8",
          "senderId": "messageMember1",
        },
        Object {
          "dateSent": "2021-01-14T02:42:39.005Z",
          "id": 46,
          "messageContent": "message content 46 has same timestamp as message 2 and 45",
          "receiverId": "otherUser9",
          "senderId": "messageMember1",
        },
        Object {
          "dateSent": "2021-01-14T03:42:39.005Z",
          "id": 47,
          "messageContent": "message content 47",
          "receiverId": "otherUser11",
          "senderId": "messageMember1",
        },
        Object {
          "dateSent": "2021-01-14T04:42:39.005Z",
          "id": 48,
          "messageContent": "message content 48",
          "receiverId": "messageMember1",
          "senderId": "otherUser11",
        },
        Object {
          "dateSent": "2021-01-14T05:42:39.005Z",
          "id": 49,
          "messageContent": "message content 49",
          "receiverId": "otherUser11",
          "senderId": "messageMember1",
        },
        Object {
          "dateSent": "2021-01-14T06:42:39.005Z",
          "id": 50,
          "messageContent": "message content 50",
          "receiverId": "otherUser11",
          "senderId": "messageMember1",
        },
        Object {
          "dateSent": "2021-01-14T07:42:39.005Z",
          "id": 51,
          "messageContent": "message content 51 all on different hours",
          "receiverId": "messageMember1",
          "senderId": "otherUser11",
        },
        Object {
          "dateSent": "2021-01-14T02:42:39.005Z",
          "id": 52,
          "messageContent": "message content 52",
          "receiverId": "otherUser21",
          "senderId": "messageMember1",
        },
        Object {
          "dateSent": "2021-02-19T02:42:39.005Z",
          "id": 53,
          "messageContent": "message content 53",
          "receiverId": "otherUser22",
          "senderId": "messageMember1",
        },
        Object {
          "dateSent": "2021-01-14T02:42:39.005Z",
          "id": 54,
          "messageContent": "message content 54",
          "receiverId": "otherUser23",
          "senderId": "messageMember1",
        },
        Object {
          "dateSent": "2021-03-01T02:42:39.005Z",
          "id": 55,
          "messageContent": "message content 55",
          "receiverId": "otherUser24",
          "senderId": "messageMember1",
        },
        Object {
          "dateSent": "2021-01-14T02:42:39.005Z",
          "id": 56,
          "messageContent": "message content 56",
          "receiverId": "otherUser1",
          "senderId": "messageMember2",
        },
        Object {
          "dateSent": "2021-01-14T02:42:39.005Z",
          "id": 57,
          "messageContent": "message content 57",
          "receiverId": "otherUser1",
          "senderId": "messageMember3",
        },
        Object {
          "dateSent": "2021-01-14T02:42:39.005Z",
          "id": 58,
          "messageContent": "message content 58",
          "receiverId": "otherUser2",
          "senderId": "messageMember7",
        },
        Object {
          "dateSent": "2021-01-14T02:42:39.005Z",
          "id": 59,
          "messageContent": "message content 59",
          "receiverId": "otherUser2",
          "senderId": "otherUser1",
        },
        Object {
          "dateSent": "2021-01-14T02:42:39.005Z",
          "id": 60,
          "messageContent": "message content 60",
          "receiverId": "messageMember7",
          "senderId": "messageMember2",
        },
      ]
    }
    messageUser="messageMember1"
  />
</div>
`;
