// Jest Snapshot v1, https://goo.gl/fbAQLP

exports[`SelectConversation Snapshot test should match snapshot test if listing is NOT empty for userName 1`] = `
<div>
  <Paginate
    data={
      Array [
        <ConversationCard
          isDeletedUser={true}
          onClick={[Function]}
          userName="member2"
        />,
      ]
    }
    resultsPerPage={7}
  />
  <EmptySelection />
</div>
`;
