// Jest Snapshot v1, https://goo.gl/fbAQLP

exports[`ManageAdminsContainer Container test should match snapshot test regardless of the props 1`] = `
<div>
  <div>
    <h3
      className="account-summary-info-header"
    >
       
      Manage Admins
       
    </h3>
    <p
      className="account-summary-info-text"
    >
       
      Use the field below to search for members and provide them with admin privileges
       
    </p>
    <div
      className="p-4 flex mx-auto w-1/2 items-center"
    >
      <label>
        <label />
        <input
          className="undefined input m-auto mr-20 py-2"
          onChange={[Function]}
          onKeyDown={[Function]}
          placeholder="Search Member Username"
          type="text"
        />
      </label>
      <label>
        <input
          className="btn btn-green ml-10 w-2/3 py-2"
          disabled={false}
          onClick={[Function]}
          type="submit"
          value="Make Admin"
        />
      </label>
    </div>
    <label
      className="label text-lg mx-10"
    >
       
      Current Website Admins
       
    </label>
    <div
      className="mx-20 my-3"
    />
  </div>
</div>
`;
