// Jest Snapshot v1, https://goo.gl/fbAQLP

exports[`Dropdown Snapshot test should render correctly regardless of properties 1`] = `
<div
  className="relative inline-block text-left"
>
  <div
    className="inline-flex justify-center w-full rounded-md border border-gray-300 shadow-sm px-4 py-2 mx-3 bg-white text-sm font-medium text-gray-700 hover:bg-gray-50 focus:outline-none focus:ring-2 focus:ring-offset-2 focus:ring-offset-gray-100 focus:ring-indigo-500"
    onClick={[Function]}
    onKeyPress={[Function]}
    role="button"
    tabIndex={0}
  >
    <span
      className="  rounded-md  bg-white ring-1 ring-black ring-opacity-25"
    >
      <p
        aria-expanded="true"
        aria-haspopup="true"
        className=""
        id="options-menu"
      >
        testTitleString1
         â†“ 
      </p>
    </span>
  </div>
</div>
`;
