// Jest Snapshot v1, https://goo.gl/fbAQLP

exports[`GenericInput Snapshot test should render correctly regardless of properties 1`] = `
<label>
  testLabelString1
  <input
    className="testClassNameString"
    placeholder="testPlaceholderString2"
    type="testTypeString1"
  />
</label>
`;
