// Jest Snapshot v1, https://goo.gl/fbAQLP

exports[`LargeTextArea Snapshot test should render correctly regardless of properties 1`] = `
<div>
  <label
    className="label"
  >
    testLabelString1
  </label>
  
  <textarea
    className="undefined input"
    cols="50"
    name="testLabelString2"
    onChange={[MockFunction]}
    placeholder="testLabelString3"
  />
</div>
`;
