// Jest Snapshot v1, https://goo.gl/fbAQLP

exports[`PreferredArea.test.js Snapshot test should render correctly regardless of properties 1`] = `
<div>
  <p>
    Areas I am interested in living
  </p>
  <div
    className="relative inline-block text-left"
  >
    <div
      className=""
      onClick={[Function]}
      onKeyPress={[Function]}
      role="button"
      tabIndex={0}
    >
      <span
        className=""
      >
        <p
          aria-expanded="true"
          aria-haspopup="true"
          className=""
          id="options-menu"
        >
          Province
           ↓ 
        </p>
      </span>
    </div>
  </div>
  <div
    className="relative inline-block text-left"
  >
    <div
      className=""
      onClick={[Function]}
      onKeyPress={[Function]}
      role="button"
      tabIndex={0}
    >
      <span
        className=""
      >
        <p
          aria-expanded="true"
          aria-haspopup="true"
          className=""
          id="options-menu"
        >
          city
           ↓ 
        </p>
      </span>
    </div>
  </div>
  <div
    className="relative inline-block text-left"
  >
    <div
      className=""
      onClick={[Function]}
      onKeyPress={[Function]}
      role="button"
      tabIndex={0}
    >
      <span
        className=""
      >
        <p
          aria-expanded="true"
          aria-haspopup="true"
          className=""
          id="options-menu"
        >
          radius
           ↓ 
        </p>
      </span>
    </div>
  </div>
</div>
`;
